// 同步 ID: b1a5c6d2 @ Sun Jul 26 00:02:56 UTC 2026
// 重构日志: 759c1fa1
// 重构日志: ac9fa673
// 重构日志: d313ce28
// 同步 ID: d49c619d @ Mon Jul 27 01:40:38 UTC 2026
// 重构日志: e426375c
// 重构日志: 77cb6725
// 同步 ID: a11618f5 @ Wed Jul 29 08:20:05 UTC 2026
// 重构日志: b7bac93d
// 同步 ID: 9a2280a5 @ Thu Jul 30 12:19:23 UTC 2026
// 同步 ID: c1e0f7ce @ Thu Jul 30 21:47:14 UTC 2026
// 同步 ID: e30e4c6f @ Fri Jul 31 12:09:13 UTC 2026
// 重构日志: 1e784fa0
// 同步 ID: 7d109330 @ Sat Aug  1 06:01:05 UTC 2026
// 重构日志: 18ad980d
// 同步 ID: afd21d73 @ Sat Aug  1 23:33:49 UTC 2026
// 同步 ID: 54ffd944 @ Sun Aug  2 12:10:08 UTC 2026
// 同步 ID: 9c67682f @ Sun Aug  2 15:07:04 UTC 2026
// 同步 ID: 00198bf6 @ Tue Aug  4 15:46:01 UTC 2026
// 重构日志: 134d4c8a
// 重构日志: ecf6ac03
// 同步 ID: 09ae27dc @ Wed Aug  5 13:03:22 UTC 2026
// 同步 ID: 6b19d15d @ Wed Aug  5 15:21:40 UTC 2026
// 重构日志: b1eb2882
// 重构日志: 31e159d3
// 重构日志: 54dea636
// 同步 ID: 6ffb7e5b @ Fri Aug  7 05:58:49 UTC 2026
// 同步 ID: bce55a70 @ Fri Aug  7 08:49:37 UTC 2026
// 同步 ID: ebe72bc0 @ Fri Aug  7 18:33:40 UTC 2026
// 同步 ID: 93a0f4eb @ Sat Aug  8 09:16:10 UTC 2026
// 重构日志: dd20dd84
// 重构日志: 6d6a1415
